#
# There is insufficient memory for the Java Runtime Environment to continue.
# Native memory allocation (mmap) failed to map 48234496 bytes. Error detail: G1 virtual space
# Possible reasons:
#   The system is out of physical RAM or swap space
#   This process is running with CompressedOops enabled, and the Java Heap may be blocking the growth of the native heap
# Possible solutions:
#   Reduce memory load on the system
#   Increase physical memory or swap space
#   Check if swap backing store is full
#   Decrease Java heap size (-Xmx/-Xms)
#   Decrease number of Java threads
#   Decrease Java thread stack sizes (-Xss)
#   Set larger code cache with -XX:ReservedCodeCacheSize=
#   JVM is running with Unscaled Compressed Oops mode in which the Java heap is
#     placed in the first 4GB address space. The Java Heap base address is the
#     maximum limit for the native heap growth. Please use -XX:HeapBaseMinAddress
#     to set the Java Heap base and to place the Java Heap above 4GB virtual address.
# This output file may be truncated or incomplete.
#
#  Out of Memory Error (os_windows.cpp:3618), pid=16536, tid=3780
#
# JRE version: OpenJDK Runtime Environment Corretto-17.0.14.7.1 (17.0.14+7) (build 17.0.14+7-LTS)
# Java VM: OpenJDK 64-Bit Server VM Corretto-17.0.14.7.1 (17.0.14+7-LTS, mixed mode, emulated-client, sharing, tiered, compressed oops, compressed class ptrs, g1 gc, windows-amd64)
# No core dump will be written. Minidumps are not enabled by default on client versions of Windows
#

---------------  S U M M A R Y ------------

Command Line: -XX:TieredStopAtLevel=1 -Dspring.output.ansi.enabled=always -Dcom.sun.management.jmxremote -Dspring.jmx.enabled=true -Dspring.liveBeansView.mbeanDomain -Dspring.application.admin.enabled=true -Dmanagement.endpoints.jmx.exposure.include=* -javaagent:C:\Program Files\JetBrains\IntelliJ IDEA 2024.3.5\lib\idea_rt.jar=63356 -Dfile.encoding=UTF-8 uz.zafar.logisticsapplication.LogisticsApplication

Host: 11th Gen Intel(R) Core(TM) i5-1155G7 @ 2.50GHz, 8 cores, 7G,  Windows 11 , 64 bit Build 22621 (10.0.22621.1485)
Time: Thu Mar 27 03:48:12 2025  Windows 11 , 64 bit Build 22621 (10.0.22621.1485) elapsed time: 3.573127 seconds (0d 0h 0m 3s)

---------------  T H R E A D  ---------------

Current thread (0x0000028cc9a71fc0):  VMThread "VM Thread" [stack: 0x000000ee84800000,0x000000ee84900000] [id=3780]

Stack: [0x000000ee84800000,0x000000ee84900000]
Native frames: (J=compiled Java code, j=interpreted, Vv=VM code, C=native code)
V  [jvm.dll+0x681069]
V  [jvm.dll+0x838cca]
V  [jvm.dll+0x83a78e]
V  [jvm.dll+0x83adf3]
V  [jvm.dll+0x24826f]
V  [jvm.dll+0x67dd99]
V  [jvm.dll+0x67286a]
V  [jvm.dll+0x30826b]
V  [jvm.dll+0x30f756]
V  [jvm.dll+0x35face]
V  [jvm.dll+0x35fd0f]
V  [jvm.dll+0x2df21c]
V  [jvm.dll+0x2dd5df]
V  [jvm.dll+0x2dcd0c]
V  [jvm.dll+0x3204ab]
V  [jvm.dll+0x83f2ed]
V  [jvm.dll+0x840032]
V  [jvm.dll+0x84055f]
V  [jvm.dll+0x840944]
V  [jvm.dll+0x840a10]
V  [jvm.dll+0x7e7f6c]
V  [jvm.dll+0x67ff37]
C  [ucrtbase.dll+0x29363]
C  [KERNEL32.DLL+0x1269d]
C  [ntdll.dll+0x5a9f8]

VM_Operation (0x000000ee842fcf90): G1CollectForAllocation, mode: safepoint, requested by thread 0x0000028cb7954400


---------------  P R O C E S S  ---------------

Threads class SMR info:
_java_thread_list=0x0000028d0ff11d90, length=26, elements={
0x0000028cb7954400, 0x0000028cc9a77500, 0x0000028cc9a7a0d0, 0x0000028cc9a93cf0,
0x0000028cc9a966c0, 0x0000028cc9a97080, 0x0000028cc9a97a40, 0x0000028cc9a984b0,
0x0000028cc9aa83e0, 0x0000028cc9a62fe0, 0x0000028cc9cc81f0, 0x0000028d0f1a3380,
0x0000028d0f1a3c70, 0x0000028d0f2b80b0, 0x0000028d0f35b0c0, 0x0000028d0f37b230,
0x0000028d0f37b710, 0x0000028d0fd07430, 0x0000028d0fd030a0, 0x0000028d0fd035f0,
0x0000028d0fd06500, 0x0000028d0fd0bb10, 0x0000028d0fd0a6d0, 0x0000028d0fd0de80,
0x0000028d0fd0c530, 0x0000028d0fd08d80
}

Java Threads: ( => current thread )
  0x0000028cb7954400 JavaThread "main" [_thread_blocked, id=14632, stack(0x000000ee84200000,0x000000ee84300000)]
  0x0000028cc9a77500 JavaThread "Reference Handler" daemon [_thread_blocked, id=9496, stack(0x000000ee84900000,0x000000ee84a00000)]
  0x0000028cc9a7a0d0 JavaThread "Finalizer" daemon [_thread_blocked, id=18088, stack(0x000000ee84a00000,0x000000ee84b00000)]
  0x0000028cc9a93cf0 JavaThread "Signal Dispatcher" daemon [_thread_blocked, id=17176, stack(0x000000ee84b00000,0x000000ee84c00000)]
  0x0000028cc9a966c0 JavaThread "Attach Listener" daemon [_thread_blocked, id=3360, stack(0x000000ee84c00000,0x000000ee84d00000)]
  0x0000028cc9a97080 JavaThread "Service Thread" daemon [_thread_blocked, id=13288, stack(0x000000ee84d00000,0x000000ee84e00000)]
  0x0000028cc9a97a40 JavaThread "Monitor Deflation Thread" daemon [_thread_blocked, id=10568, stack(0x000000ee84e00000,0x000000ee84f00000)]
  0x0000028cc9a984b0 JavaThread "C1 CompilerThread0" daemon [_thread_blocked, id=17832, stack(0x000000ee84f00000,0x000000ee85000000)]
  0x0000028cc9aa83e0 JavaThread "Sweeper thread" daemon [_thread_blocked, id=16976, stack(0x000000ee85000000,0x000000ee85100000)]
  0x0000028cc9a62fe0 JavaThread "Common-Cleaner" daemon [_thread_blocked, id=3672, stack(0x000000ee85100000,0x000000ee85200000)]
  0x0000028cc9cc81f0 JavaThread "C1 CompilerThread1" daemon [_thread_blocked, id=10348, stack(0x000000ee85200000,0x000000ee85300000)]
  0x0000028d0f1a3380 JavaThread "Monitor Ctrl-Break" daemon [_thread_in_native, id=18364, stack(0x000000ee85300000,0x000000ee85400000)]
  0x0000028d0f1a3c70 JavaThread "Notification Thread" daemon [_thread_blocked, id=17768, stack(0x000000ee85400000,0x000000ee85500000)]
  0x0000028d0f2b80b0 JavaThread "RMI TCP Accept-0" daemon [_thread_in_native, id=13916, stack(0x000000ee85500000,0x000000ee85600000)]
  0x0000028d0f35b0c0 JavaThread "RMI TCP Connection(1)-192.168.59.194" daemon [_thread_in_native, id=17108, stack(0x000000ee85700000,0x000000ee85800000)]
  0x0000028d0f37b230 JavaThread "RMI Scheduler(0)" daemon [_thread_blocked, id=8612, stack(0x000000ee85800000,0x000000ee85900000)]
  0x0000028d0f37b710 JavaThread "JMX server connection timeout 20" daemon [_thread_blocked, id=9516, stack(0x000000ee85900000,0x000000ee85a00000)]
  0x0000028d0fd07430 JavaThread "RMI TCP Connection(2)-192.168.59.194" daemon [_thread_in_native, id=6988, stack(0x000000ee86200000,0x000000ee86300000)]
  0x0000028d0fd030a0 JavaThread "C1 CompilerThread2" daemon [_thread_blocked, id=14248, stack(0x000000ee86400000,0x000000ee86500000)]
  0x0000028d0fd035f0 JavaThread "C1 CompilerThread3" daemon [_thread_blocked, id=7852, stack(0x000000ee86500000,0x000000ee86600000)]
  0x0000028d0fd06500 JavaThread "Catalina-utility-1" [_thread_blocked, id=17828, stack(0x000000ee86600000,0x000000ee86700000)]
  0x0000028d0fd0bb10 JavaThread "Catalina-utility-2" [_thread_blocked, id=17700, stack(0x000000ee86700000,0x000000ee86800000)]
  0x0000028d0fd0a6d0 JavaThread "container-0" [_thread_blocked, id=9348, stack(0x000000ee86800000,0x000000ee86900000)]
  0x0000028d0fd0de80 JavaThread "PostgreSQL-JDBC-Cleaner" daemon [_thread_blocked, id=6740, stack(0x000000ee86a00000,0x000000ee86b00000)]
  0x0000028d0fd0c530 JavaThread "HikariPool-1 housekeeper" daemon [_thread_blocked, id=5368, stack(0x000000ee86c00000,0x000000ee86d00000)]
  0x0000028d0fd08d80 JavaThread "HikariPool-1 connection adder" daemon [_thread_blocked, id=11300, stack(0x000000ee86b00000,0x000000ee86c00000)]

Other Threads:
=>0x0000028cc9a71fc0 VMThread "VM Thread" [stack: 0x000000ee84800000,0x000000ee84900000] [id=3780]
  0x0000028cb7955280 WatcherThread [stack: 0x000000ee85600000,0x000000ee85700000] [id=17584]
  0x0000028cb79ac760 GCTaskThread "GC Thread#0" [stack: 0x000000ee84300000,0x000000ee84400000] [id=17724]
  0x0000028d0f75bcb0 GCTaskThread "GC Thread#1" [stack: 0x000000ee85a00000,0x000000ee85b00000] [id=10400]
  0x0000028d0f757640 GCTaskThread "GC Thread#2" [stack: 0x000000ee85b00000,0x000000ee85c00000] [id=5748]
  0x0000028d0f778f80 GCTaskThread "GC Thread#3" [stack: 0x000000ee85c00000,0x000000ee85d00000] [id=10396]
  0x0000028d0f78cc50 GCTaskThread "GC Thread#4" [stack: 0x000000ee85d00000,0x000000ee85e00000] [id=15692]
  0x0000028d0f78b530 GCTaskThread "GC Thread#5" [stack: 0x000000ee85e00000,0x000000ee85f00000] [id=16996]
  0x0000028d0f78b7f0 GCTaskThread "GC Thread#6" [stack: 0x000000ee85f00000,0x000000ee86000000] [id=8588]
  0x0000028d0f78bab0 GCTaskThread "GC Thread#7" [stack: 0x000000ee86000000,0x000000ee86100000] [id=13976]
  0x0000028cb79be000 ConcurrentGCThread "G1 Main Marker" [stack: 0x000000ee84400000,0x000000ee84500000] [id=17916]
  0x0000028cb79beb80 ConcurrentGCThread "G1 Conc#0" [stack: 0x000000ee84500000,0x000000ee84600000] [id=18104]
  0x0000028d10661040 ConcurrentGCThread "G1 Conc#1" [stack: 0x000000ee86300000,0x000000ee86400000] [id=16720]
  0x0000028cc992c520 ConcurrentGCThread "G1 Refine#0" [stack: 0x000000ee84600000,0x000000ee84700000] [id=17244]
  0x0000028d0f758330 ConcurrentGCThread "G1 Refine#1" [stack: 0x000000ee86100000,0x000000ee86200000] [id=17536]
  0x0000028cc992cf50 ConcurrentGCThread "G1 Service" [stack: 0x000000ee84700000,0x000000ee84800000] [id=13432]

Threads with active compile tasks:

VM state: at safepoint (normal execution)

VM Mutex/Monitor currently owned by a thread:  ([mutex/lock_event])
[0x0000028cb794edc0] Threads_lock - owner thread: 0x0000028cc9a71fc0
[0x0000028cb7950830] Heap_lock - owner thread: 0x0000028cb7954400

Heap address: 0x0000000083600000, size: 1994 MB, Compressed Oops mode: 32-bit

CDS archive(s) mapped at: [0x0000028cca000000-0x0000028ccabb0000-0x0000028ccabb0000), size 12255232, SharedBaseAddress: 0x0000028cca000000, ArchiveRelocationMode: 1.
Compressed class space mapped at: 0x0000028ccb000000-0x0000028d0b000000, reserved size: 1073741824
Narrow klass base: 0x0000028cca000000, Narrow klass shift: 0, Narrow klass range: 0x100000000

GC Precious Log:
 CPUs: 8 total, 8 available
 Memory: 7975M
 Large Page Support: Disabled
 NUMA Support: Disabled
 Compressed Oops: Enabled (32-bit)
 Heap Region Size: 1M
 Heap Min Capacity: 8M
 Heap Initial Capacity: 126M
 Heap Max Capacity: 1994M
 Pre-touch: Disabled
 Parallel Workers: 8
 Concurrent Workers: 2
 Concurrent Refinement Workers: 8
 Periodic GC: Disabled

Heap:
 garbage-first heap   total 70656K, used 23220K [0x0000000083600000, 0x0000000100000000)
  region size 1024K, 4 young (4096K), 4 survivors (4096K)
 Metaspace       used 43145K, committed 43648K, reserved 1114112K
  class space    used 6098K, committed 6336K, reserved 1048576K

Heap Regions: E=young(eden), S=young(survivor), O=old, HS=humongous(starts), HC=humongous(continues), CS=collection set, F=free, OA=open archive, CA=closed archive, TAMS=top-at-mark-start (previous, next)
|   0|0x0000000083600000, 0x0000000083700000, 0x0000000083700000|100%|HS|  |TAMS 0x0000000083700000, 0x0000000083600000| Complete 
|   1|0x0000000083700000, 0x0000000083800000, 0x0000000083800000|100%|HS|  |TAMS 0x0000000083800000, 0x0000000083700000| Complete 
|   2|0x0000000083800000, 0x0000000083900000, 0x0000000083900000|100%| O|  |TAMS 0x0000000083900000, 0x0000000083800000| Untracked 
|   3|0x0000000083900000, 0x0000000083a00000, 0x0000000083a00000|100%| O|  |TAMS 0x0000000083a00000, 0x0000000083900000| Untracked 
|   4|0x0000000083a00000, 0x0000000083b00000, 0x0000000083b00000|100%| O|  |TAMS 0x0000000083b00000, 0x0000000083a00000| Untracked 
|   5|0x0000000083b00000, 0x0000000083c00000, 0x0000000083c00000|100%| O|  |TAMS 0x0000000083c00000, 0x0000000083b00000| Untracked 
|   6|0x0000000083c00000, 0x0000000083d00000, 0x0000000083d00000|100%| O|  |TAMS 0x0000000083d00000, 0x0000000083c00000| Untracked 
|   7|0x0000000083d00000, 0x0000000083e00000, 0x0000000083e00000|100%| O|  |TAMS 0x0000000083e00000, 0x0000000083d00000| Untracked 
|   8|0x0000000083e00000, 0x0000000083f00000, 0x0000000083f00000|100%| O|  |TAMS 0x0000000083f00000, 0x0000000083e00000| Untracked 
|   9|0x0000000083f00000, 0x0000000084000000, 0x0000000084000000|100%| O|  |TAMS 0x0000000084000000, 0x0000000083f00000| Untracked 
|  10|0x0000000084000000, 0x0000000084100000, 0x0000000084100000|100%| O|  |TAMS 0x0000000084000000, 0x0000000084000000| Untracked 
|  11|0x0000000084100000, 0x0000000084200000, 0x0000000084200000|100%| O|  |TAMS 0x0000000084200000, 0x0000000084100000| Untracked 
|  12|0x0000000084200000, 0x0000000084300000, 0x0000000084300000|100%| O|  |TAMS 0x0000000084300000, 0x0000000084200000| Untracked 
|  13|0x0000000084300000, 0x0000000084400000, 0x0000000084400000|100%| O|  |TAMS 0x0000000084400000, 0x0000000084300000| Untracked 
|  14|0x0000000084400000, 0x0000000084500000, 0x0000000084500000|100%| O|  |TAMS 0x0000000084500000, 0x0000000084400000| Complete 
|  15|0x0000000084500000, 0x0000000084600000, 0x0000000084600000|100%| O|  |TAMS 0x0000000084600000, 0x0000000084500000| Untracked 
|  16|0x0000000084600000, 0x0000000084700000, 0x0000000084700000|100%| O|  |TAMS 0x0000000084700000, 0x0000000084600000| Untracked 
|  17|0x0000000084700000, 0x0000000084800000, 0x0000000084800000|100%| O|  |TAMS 0x0000000084800000, 0x0000000084700000| Untracked 
|  18|0x0000000084800000, 0x00000000848ffff8, 0x0000000084900000| 99%| O|  |TAMS 0x0000000084842000, 0x0000000084800000| Untracked 
|  19|0x0000000084900000, 0x0000000084987c00, 0x0000000084a00000| 53%| O|  |TAMS 0x0000000084900000, 0x0000000084900000| Untracked 
|  20|0x0000000084a00000, 0x0000000084a00000, 0x0000000084b00000|  0%| F|  |TAMS 0x0000000084a00000, 0x0000000084a00000| Untracked 
|  21|0x0000000084b00000, 0x0000000084b00000, 0x0000000084c00000|  0%| F|  |TAMS 0x0000000084b00000, 0x0000000084b00000| Untracked 
|  22|0x0000000084c00000, 0x0000000084c00000, 0x0000000084d00000|  0%| F|  |TAMS 0x0000000084c00000, 0x0000000084c00000| Untracked 
|  23|0x0000000084d00000, 0x0000000084d00000, 0x0000000084e00000|  0%| F|  |TAMS 0x0000000084d00000, 0x0000000084d00000| Untracked 
|  24|0x0000000084e00000, 0x0000000084e00000, 0x0000000084f00000|  0%| F|  |TAMS 0x0000000084e00000, 0x0000000084e00000| Untracked 
|  25|0x0000000084f00000, 0x0000000084f00000, 0x0000000085000000|  0%| F|  |TAMS 0x0000000084f00000, 0x0000000084f00000| Untracked 
|  26|0x0000000085000000, 0x0000000085000000, 0x0000000085100000|  0%| F|  |TAMS 0x0000000085000000, 0x0000000085000000| Untracked 
|  27|0x0000000085100000, 0x0000000085100000, 0x0000000085200000|  0%| F|  |TAMS 0x0000000085100000, 0x0000000085100000| Untracked 
|  28|0x0000000085200000, 0x0000000085200000, 0x0000000085300000|  0%| F|  |TAMS 0x0000000085200000, 0x0000000085200000| Untracked 
|  29|0x0000000085300000, 0x0000000085300000, 0x0000000085400000|  0%| F|  |TAMS 0x0000000085300000, 0x0000000085300000| Untracked 
|  30|0x0000000085400000, 0x0000000085425450, 0x0000000085500000| 14%| S|CS|TAMS 0x0000000085400000, 0x0000000085400000| Complete 
|  31|0x0000000085500000, 0x0000000085600000, 0x0000000085600000|100%| S|CS|TAMS 0x0000000085500000, 0x0000000085500000| Complete 
|  32|0x0000000085600000, 0x0000000085700000, 0x0000000085700000|100%| S|CS|TAMS 0x0000000085600000, 0x0000000085600000| Complete 
|  33|0x0000000085700000, 0x0000000085800000, 0x0000000085800000|100%| S|CS|TAMS 0x0000000085700000, 0x0000000085700000| Complete 
|  34|0x0000000085800000, 0x0000000085800000, 0x0000000085900000|  0%| F|  |TAMS 0x0000000085800000, 0x0000000085800000| Untracked 
|  35|0x0000000085900000, 0x0000000085900000, 0x0000000085a00000|  0%| F|  |TAMS 0x0000000085900000, 0x0000000085900000| Untracked 
|  36|0x0000000085a00000, 0x0000000085a00000, 0x0000000085b00000|  0%| F|  |TAMS 0x0000000085a00000, 0x0000000085a00000| Untracked 
|  37|0x0000000085b00000, 0x0000000085b00000, 0x0000000085c00000|  0%| F|  |TAMS 0x0000000085b00000, 0x0000000085b00000| Untracked 
|  38|0x0000000085c00000, 0x0000000085c00000, 0x0000000085d00000|  0%| F|  |TAMS 0x0000000085c00000, 0x0000000085c00000| Untracked 
|  39|0x0000000085d00000, 0x0000000085d00000, 0x0000000085e00000|  0%| F|  |TAMS 0x0000000085d00000, 0x0000000085d00000| Untracked 
|  40|0x0000000085e00000, 0x0000000085e00000, 0x0000000085f00000|  0%| F|  |TAMS 0x0000000085e00000, 0x0000000085e00000| Untracked 
|  41|0x0000000085f00000, 0x0000000085f00000, 0x0000000086000000|  0%| F|  |TAMS 0x0000000085f00000, 0x0000000085f00000| Untracked 
|  42|0x0000000086000000, 0x0000000086000000, 0x0000000086100000|  0%| F|  |TAMS 0x0000000086000000, 0x0000000086000000| Untracked 
|  43|0x0000000086100000, 0x0000000086100000, 0x0000000086200000|  0%| F|  |TAMS 0x0000000086100000, 0x0000000086100000| Untracked 
|  44|0x0000000086200000, 0x0000000086200000, 0x0000000086300000|  0%| F|  |TAMS 0x0000000086200000, 0x0000000086200000| Untracked 
|  45|0x0000000086300000, 0x0000000086300000, 0x0000000086400000|  0%| F|  |TAMS 0x0000000086300000, 0x0000000086300000| Untracked 
|  46|0x0000000086400000, 0x0000000086400000, 0x0000000086500000|  0%| F|  |TAMS 0x0000000086400000, 0x0000000086400000| Untracked 
|  47|0x0000000086500000, 0x0000000086500000, 0x0000000086600000|  0%| F|  |TAMS 0x0000000086500000, 0x0000000086500000| Untracked 
|  48|0x0000000086600000, 0x0000000086600000, 0x0000000086700000|  0%| F|  |TAMS 0x0000000086600000, 0x0000000086600000| Untracked 
|  49|0x0000000086700000, 0x0000000086700000, 0x0000000086800000|  0%| F|  |TAMS 0x0000000086700000, 0x0000000086700000| Untracked 
|  50|0x0000000086800000, 0x0000000086800000, 0x0000000086900000|  0%| F|  |TAMS 0x0000000086800000, 0x0000000086800000| Untracked 
|  51|0x0000000086900000, 0x0000000086900000, 0x0000000086a00000|  0%| F|  |TAMS 0x0000000086900000, 0x0000000086900000| Untracked 
|  52|0x0000000086a00000, 0x0000000086a00000, 0x0000000086b00000|  0%| F|  |TAMS 0x0000000086a00000, 0x0000000086a00000| Untracked 
|  53|0x0000000086b00000, 0x0000000086b00000, 0x0000000086c00000|  0%| F|  |TAMS 0x0000000086b00000, 0x0000000086b00000| Untracked 
|  54|0x0000000086c00000, 0x0000000086c00000, 0x0000000086d00000|  0%| F|  |TAMS 0x0000000086c00000, 0x0000000086c00000| Untracked 
|  55|0x0000000086d00000, 0x0000000086d00000, 0x0000000086e00000|  0%| F|  |TAMS 0x0000000086d00000, 0x0000000086d00000| Untracked 
|  56|0x0000000086e00000, 0x0000000086e00000, 0x0000000086f00000|  0%| F|  |TAMS 0x0000000086e00000, 0x0000000086e00000| Untracked 
|  57|0x0000000086f00000, 0x0000000086f00000, 0x0000000087000000|  0%| F|  |TAMS 0x0000000086f00000, 0x0000000086f00000| Untracked 
|  58|0x0000000087000000, 0x0000000087000000, 0x0000000087100000|  0%| F|  |TAMS 0x0000000087000000, 0x0000000087000000| Untracked 
|  59|0x0000000087100000, 0x0000000087100000, 0x0000000087200000|  0%| F|  |TAMS 0x0000000087100000, 0x0000000087100000| Untracked 
|  60|0x0000000087200000, 0x0000000087200000, 0x0000000087300000|  0%| F|  |TAMS 0x0000000087200000, 0x0000000087200000| Untracked 
|  61|0x0000000087300000, 0x0000000087300000, 0x0000000087400000|  0%| F|  |TAMS 0x0000000087300000, 0x0000000087300000| Untracked 
|  62|0x0000000087400000, 0x0000000087400000, 0x0000000087500000|  0%| F|  |TAMS 0x0000000087400000, 0x0000000087400000| Untracked 
| 109|0x000000008a300000, 0x000000008a300000, 0x000000008a400000|  0%| F|  |TAMS 0x000000008a300000, 0x000000008a300000| Untracked 
| 110|0x000000008a400000, 0x000000008a400000, 0x000000008a500000|  0%| F|  |TAMS 0x000000008a400000, 0x000000008a400000| Untracked 
| 111|0x000000008a500000, 0x000000008a500000, 0x000000008a600000|  0%| F|  |TAMS 0x000000008a500000, 0x000000008a500000| Untracked 
| 112|0x000000008a600000, 0x000000008a600000, 0x000000008a700000|  0%| F|  |TAMS 0x000000008a600000, 0x000000008a600000| Untracked 
| 113|0x000000008a700000, 0x000000008a700000, 0x000000008a800000|  0%| F|  |TAMS 0x000000008a700000, 0x000000008a700000| Untracked 
| 125|0x000000008b300000, 0x000000008b300000, 0x000000008b400000|  0%| F|  |TAMS 0x000000008b300000, 0x000000008b300000| Untracked 

Card table byte_map: [0x0000028cc2980000,0x0000028cc2d70000] _byte_map_base: 0x0000028cc2565000

Marking Bits (Prev, Next): (CMBitMap*) 0x0000028cb79add90, (CMBitMap*) 0x0000028cb79addd0
 Prev Bits: [0x0000028cc3160000, 0x0000028cc5088000)
 Next Bits: [0x0000028cc5090000, 0x0000028cc6fb8000)

Polling page: 0x0000028cb7100000

Metaspace:

Usage:
  Non-class:     36.18 MB used.
      Class:      5.96 MB used.
       Both:     42.13 MB used.

Virtual space:
  Non-class space:       64.00 MB reserved,      36.44 MB ( 57%) committed,  1 nodes.
      Class space:        1.00 GB reserved,       6.19 MB ( <1%) committed,  1 nodes.
             Both:        1.06 GB reserved,      42.62 MB (  4%) committed. 

Chunk freelists:
   Non-Class:  11.30 MB
       Class:  9.84 MB
        Both:  21.14 MB

MaxMetaspaceSize: unlimited
CompressedClassSpaceSize: 1.00 GB
Initial GC threshold: 21.00 MB
Current GC threshold: 59.06 MB
CDS: on
MetaspaceReclaimPolicy: balanced
 - commit_granule_bytes: 65536.
 - commit_granule_words: 8192.
 - virtual_space_node_default_size: 8388608.
 - enlarge_chunks_in_place: 1.
 - new_chunks_are_fully_committed: 0.
 - uncommit_free_chunks: 1.
 - use_allocation_guard: 0.
 - handle_deallocations: 1.


Internal statistics:

num_allocs_failed_limit: 6.
num_arena_births: 628.
num_arena_deaths: 0.
num_vsnodes_births: 2.
num_vsnodes_deaths: 0.
num_space_committed: 682.
num_space_uncommitted: 0.
num_chunks_returned_to_freelist: 6.
num_chunks_taken_from_freelist: 2254.
num_chunk_merges: 6.
num_chunk_splits: 1558.
num_chunks_enlarged: 1161.
num_inconsistent_stats: 0.

CodeCache: size=49152Kb used=9388Kb max_used=9388Kb free=39763Kb
 bounds [0x0000028cbf480000, 0x0000028cbfdb0000, 0x0000028cc2480000]
 total_blobs=4837 nmethods=4267 adapters=494
 compilation: enabled
              stopped_count=0, restarted_count=0
 full_count=0

Compilation events (20 events):
Event: 3.536 Thread 0x0000028d0fd030a0 nmethod 4257 0x0000028cbfda6490 code [0x0000028cbfda6620, 0x0000028cbfda66f8]
Event: 3.536 Thread 0x0000028d0fd035f0 nmethod 4256 0x0000028cbfda6790 code [0x0000028cbfda6920, 0x0000028cbfda69f8]
Event: 3.540 Thread 0x0000028d0fd030a0 4258       1       java.util.ServiceLoader$ModuleServicesLookupIterator::iteratorFor (191 bytes)
Event: 3.542 Thread 0x0000028d0fd030a0 nmethod 4258 0x0000028cbfda6d90 code [0x0000028cbfda7140, 0x0000028cbfda81d8]
Event: 3.543 Thread 0x0000028d0fd030a0 4259       1       java.util.ArrayList$ArrayListSpliterator::getFence (35 bytes)
Event: 3.543 Thread 0x0000028d0fd030a0 nmethod 4259 0x0000028cbfda8e90 code [0x0000028cbfda9020, 0x0000028cbfda90f8]
Event: 3.549 Thread 0x0000028d0fd035f0 4260       1       java.lang.reflect.Modifier::isVolatile (13 bytes)
Event: 3.549 Thread 0x0000028cc9a984b0 4261       1       java.lang.reflect.Field::getFieldAccessor (35 bytes)
Event: 3.549 Thread 0x0000028d0fd035f0 nmethod 4260 0x0000028cbfda9190 code [0x0000028cbfda9320, 0x0000028cbfda93d8]
Event: 3.549 Thread 0x0000028cc9a984b0 nmethod 4261 0x0000028cbfda9490 code [0x0000028cbfda9620, 0x0000028cbfda9728]
Event: 3.557 Thread 0x0000028cc9a984b0 4263       1       org.postgresql.core.VisibleBufferedInputStream::getBuffer (5 bytes)
Event: 3.557 Thread 0x0000028d0fd030a0 4264       1       org.postgresql.core.VisibleBufferedInputStream::getIndex (5 bytes)
Event: 3.557 Thread 0x0000028d0fd035f0 4265       1       org.postgresql.core.AsciiStringInterner$BaseKey::hashCode (5 bytes)
Event: 3.557 Thread 0x0000028cc9cc81f0 4266       1       java.lang.StringLatin1$CharsSpliterator::tryAdvance (60 bytes)
Event: 3.557 Thread 0x0000028d0fd035f0 nmethod 4265 0x0000028cbfda9b90 code [0x0000028cbfda9d20, 0x0000028cbfda9df8]
Event: 3.557 Thread 0x0000028d0fd030a0 nmethod 4264 0x0000028cbfda9e90 code [0x0000028cbfdaa020, 0x0000028cbfdaa0f8]
Event: 3.557 Thread 0x0000028cc9a984b0 nmethod 4263 0x0000028cbfdaa190 code [0x0000028cbfdaa320, 0x0000028cbfdaa3f8]
Event: 3.557 Thread 0x0000028cc9cc81f0 nmethod 4266 0x0000028cbfdaa490 code [0x0000028cbfdaa640, 0x0000028cbfdaa858]
Event: 3.557 Thread 0x0000028d0fd030a0 4267       1       java.lang.Character::valueOf (21 bytes)
Event: 3.558 Thread 0x0000028d0fd030a0 nmethod 4267 0x0000028cbfdaa990 code [0x0000028cbfdaab20, 0x0000028cbfdaac78]

GC Heap History (17 events):
Event: 0.795 GC heap before
{Heap before GC invocations=0 (full 0):
 garbage-first heap   total 129024K, used 24576K [0x0000000083600000, 0x0000000100000000)
  region size 1024K, 23 young (23552K), 0 survivors (0K)
 Metaspace       used 7312K, committed 7552K, reserved 1114112K
  class space    used 938K, committed 1024K, reserved 1048576K
}
Event: 0.815 GC heap after
{Heap after GC invocations=1 (full 0):
 garbage-first heap   total 129024K, used 9259K [0x0000000083600000, 0x0000000100000000)
  region size 1024K, 3 young (3072K), 3 survivors (3072K)
 Metaspace       used 7312K, committed 7552K, reserved 1114112K
  class space    used 938K, committed 1024K, reserved 1048576K
}
Event: 1.202 GC heap before
{Heap before GC invocations=1 (full 0):
 garbage-first heap   total 129024K, used 30763K [0x0000000083600000, 0x0000000100000000)
  region size 1024K, 24 young (24576K), 3 survivors (3072K)
 Metaspace       used 11739K, committed 12032K, reserved 1114112K
  class space    used 1657K, committed 1792K, reserved 1048576K
}
Event: 1.206 GC heap after
{Heap after GC invocations=2 (full 0):
 garbage-first heap   total 129024K, used 11048K [0x0000000083600000, 0x0000000100000000)
  region size 1024K, 2 young (2048K), 2 survivors (2048K)
 Metaspace       used 11739K, committed 12032K, reserved 1114112K
  class space    used 1657K, committed 1792K, reserved 1048576K
}
Event: 1.621 GC heap before
{Heap before GC invocations=2 (full 0):
 garbage-first heap   total 129024K, used 58152K [0x0000000083600000, 0x0000000100000000)
  region size 1024K, 49 young (50176K), 2 survivors (2048K)
 Metaspace       used 20594K, committed 20928K, reserved 1114112K
  class space    used 2805K, committed 2944K, reserved 1048576K
}
Event: 1.628 GC heap after
{Heap after GC invocations=3 (full 0):
 garbage-first heap   total 129024K, used 14896K [0x0000000083600000, 0x0000000100000000)
  region size 1024K, 6 young (6144K), 6 survivors (6144K)
 Metaspace       used 20594K, committed 20928K, reserved 1114112K
  class space    used 2805K, committed 2944K, reserved 1048576K
}
Event: 1.740 GC heap before
{Heap before GC invocations=3 (full 0):
 garbage-first heap   total 129024K, used 26160K [0x0000000083600000, 0x0000000100000000)
  region size 1024K, 18 young (18432K), 6 survivors (6144K)
 Metaspace       used 21165K, committed 21504K, reserved 1114112K
  class space    used 2893K, committed 3072K, reserved 1048576K
}
Event: 1.746 GC heap after
{Heap after GC invocations=4 (full 0):
 garbage-first heap   total 129024K, used 15517K [0x0000000083600000, 0x0000000100000000)
  region size 1024K, 5 young (5120K), 5 survivors (5120K)
 Metaspace       used 21165K, committed 21504K, reserved 1114112K
  class space    used 2893K, committed 3072K, reserved 1048576K
}
Event: 2.206 GC heap before
{Heap before GC invocations=5 (full 0):
 garbage-first heap   total 58368K, used 44189K [0x0000000083600000, 0x0000000100000000)
  region size 1024K, 34 young (34816K), 5 survivors (5120K)
 Metaspace       used 24747K, committed 25088K, reserved 1114112K
  class space    used 3475K, committed 3648K, reserved 1048576K
}
Event: 2.217 GC heap after
{Heap after GC invocations=6 (full 0):
 garbage-first heap   total 70656K, used 18218K [0x0000000083600000, 0x0000000100000000)
  region size 1024K, 4 young (4096K), 4 survivors (4096K)
 Metaspace       used 24747K, committed 25088K, reserved 1114112K
  class space    used 3475K, committed 3648K, reserved 1048576K
}
Event: 2.234 GC heap before
{Heap before GC invocations=6 (full 0):
 garbage-first heap   total 70656K, used 19242K [0x0000000083600000, 0x0000000100000000)
  region size 1024K, 5 young (5120K), 4 survivors (4096K)
 Metaspace       used 25033K, committed 25408K, reserved 1114112K
  class space    used 3515K, committed 3712K, reserved 1048576K
}
Event: 2.241 GC heap after
{Heap after GC invocations=7 (full 0):
 garbage-first heap   total 70656K, used 18368K [0x0000000083600000, 0x0000000100000000)
  region size 1024K, 1 young (1024K), 1 survivors (1024K)
 Metaspace       used 25033K, committed 25408K, reserved 1114112K
  class space    used 3515K, committed 3712K, reserved 1048576K
}
Event: 2.651 GC heap before
{Heap before GC invocations=7 (full 0):
 garbage-first heap   total 70656K, used 50112K [0x0000000083600000, 0x0000000100000000)
  region size 1024K, 32 young (32768K), 1 survivors (1024K)
 Metaspace       used 30010K, committed 30464K, reserved 1114112K
  class space    used 4177K, committed 4352K, reserved 1048576K
}
Event: 2.655 GC heap after
{Heap after GC invocations=8 (full 0):
 garbage-first heap   total 70656K, used 20072K [0x0000000083600000, 0x0000000100000000)
  region size 1024K, 3 young (3072K), 3 survivors (3072K)
 Metaspace       used 30010K, committed 30464K, reserved 1114112K
  class space    used 4177K, committed 4352K, reserved 1048576K
}
Event: 2.984 GC heap before
{Heap before GC invocations=8 (full 0):
 garbage-first heap   total 70656K, used 45672K [0x0000000083600000, 0x0000000100000000)
  region size 1024K, 29 young (29696K), 3 survivors (3072K)
 Metaspace       used 35674K, committed 36096K, reserved 1114112K
  class space    used 5132K, committed 5376K, reserved 1048576K
}
Event: 2.987 GC heap after
{Heap after GC invocations=9 (full 0):
 garbage-first heap   total 70656K, used 21088K [0x0000000083600000, 0x0000000100000000)
  region size 1024K, 4 young (4096K), 4 survivors (4096K)
 Metaspace       used 35674K, committed 36096K, reserved 1114112K
  class space    used 5132K, committed 5376K, reserved 1048576K
}
Event: 3.567 GC heap before
{Heap before GC invocations=10 (full 0):
 garbage-first heap   total 70656K, used 52832K [0x0000000083600000, 0x0000000100000000)
  region size 1024K, 35 young (35840K), 4 survivors (4096K)
 Metaspace       used 43145K, committed 43648K, reserved 1114112K
  class space    used 6098K, committed 6336K, reserved 1048576K
}

Dll operation events (13 events):
Event: 0.012 Loaded shared library C:\Users\user\.jdks\corretto-17.0.14\bin\java.dll
Event: 0.034 Loaded shared library C:\Users\user\.jdks\corretto-17.0.14\bin\jsvml.dll
Event: 0.119 Loaded shared library C:\Users\user\.jdks\corretto-17.0.14\bin\zip.dll
Event: 0.122 Loaded shared library C:\Users\user\.jdks\corretto-17.0.14\bin\instrument.dll
Event: 0.128 Loaded shared library C:\Users\user\.jdks\corretto-17.0.14\bin\net.dll
Event: 0.129 Loaded shared library C:\Users\user\.jdks\corretto-17.0.14\bin\nio.dll
Event: 0.132 Loaded shared library C:\Users\user\.jdks\corretto-17.0.14\bin\zip.dll
Event: 0.280 Loaded shared library C:\Users\user\.jdks\corretto-17.0.14\bin\jimage.dll
Event: 0.346 Loaded shared library C:\Users\user\.jdks\corretto-17.0.14\bin\extnet.dll
Event: 0.368 Loaded shared library C:\Users\user\.jdks\corretto-17.0.14\bin\management.dll
Event: 0.378 Loaded shared library C:\Users\user\.jdks\corretto-17.0.14\bin\management_ext.dll
Event: 1.518 Loaded shared library C:\Users\user\.jdks\corretto-17.0.14\bin\sunmscapi.dll
Event: 2.850 Loaded shared library C:\Users\user\.jdks\corretto-17.0.14\bin\verify.dll

Deoptimization events (2 events):
Event: 2.185 Thread 0x0000028cb7954400 DEOPT PACKING pc=0x0000028cbfbcf3ec sp=0x000000ee842fc370
Event: 2.185 Thread 0x0000028cb7954400 DEOPT UNPACKING pc=0x0000028cbf4dace3 sp=0x000000ee842fb830 mode 0

Classes loaded (20 events):
Event: 3.467 Loading class java/util/stream/ReduceOps$1
Event: 3.467 Loading class java/util/stream/ReduceOps$1 done
Event: 3.467 Loading class java/util/stream/ReduceOps$1ReducingSink
Event: 3.467 Loading class java/util/stream/ReduceOps$1ReducingSink done
Event: 3.500 Loading class java/awt/datatransfer/Transferable
Event: 3.500 Loading class java/awt/datatransfer/Transferable done
Event: 3.530 Loading class javax/naming/RefAddr
Event: 3.530 Loading class javax/naming/RefAddr done
Event: 3.530 Loading class javax/naming/StringRefAddr
Event: 3.530 Loading class javax/naming/StringRefAddr done
Event: 3.552 Loading class java/util/concurrent/CompletionStage
Event: 3.553 Loading class java/util/concurrent/CompletionStage done
Event: 3.553 Loading class java/util/concurrent/CompletableFuture
Event: 3.554 Loading class java/util/concurrent/CompletableFuture done
Event: 3.554 Loading class java/util/concurrent/CompletableFuture$AltResult
Event: 3.554 Loading class java/util/concurrent/CompletableFuture$AltResult done
Event: 3.554 Loading class java/util/concurrent/CompletableFuture$Completion
Event: 3.554 Loading class java/util/concurrent/CompletableFuture$AsynchronousCompletionTask
Event: 3.554 Loading class java/util/concurrent/CompletableFuture$AsynchronousCompletionTask done
Event: 3.554 Loading class java/util/concurrent/CompletableFuture$Completion done

Classes unloaded (0 events):
No events

Classes redefined (0 events):
No events

Internal exceptions (20 events):
Event: 2.300 Thread 0x0000028cb7954400 Exception <a 'java/lang/NoSuchMethodError'{0x000000008a3a2818}: 'java.lang.Object java.lang.invoke.DirectMethodHandle$Holder.newInvokeSpecial(java.lang.Object, java.lang.Object, java.lang.Object, int)'> (0x000000008a3a2818) 
thrown [s\src\hotspot\share\interpreter\linkResolver.cpp, line 759]
Event: 2.300 Thread 0x0000028cb7954400 Exception <a 'java/lang/NoSuchMethodError'{0x000000008a3a6b00}: 'java.lang.Object java.lang.invoke.DirectMethodHandle$Holder.invokeSpecial(java.lang.Object, java.lang.Object, java.lang.Object, java.lang.Object, int)'> (0x000000008a3a6b00) 
thrown [s\src\hotspot\share\interpreter\linkResolver.cpp, line 759]
Event: 2.300 Thread 0x0000028cb7954400 Exception <a 'java/lang/NoSuchMethodError'{0x000000008a3aa6c8}: 'java.lang.Object java.lang.invoke.Invokers$Holder.linkToTargetMethod(java.lang.Object, java.lang.Object, int, java.lang.Object)'> (0x000000008a3aa6c8) 
thrown [s\src\hotspot\share\interpreter\linkResolver.cpp, line 759]
Event: 2.433 Thread 0x0000028cb7954400 Exception <a 'java/io/FileNotFoundException'{0x0000000086baf690}> (0x0000000086baf690) 
thrown [s\src\hotspot\share\prims\jni.cpp, line 516]
Event: 2.474 Thread 0x0000028cb7954400 Exception <a 'java/lang/NoSuchMethodError'{0x00000000868ef860}: 'int java.lang.invoke.DirectMethodHandle$Holder.invokeInterface(java.lang.Object, java.lang.Object, java.lang.Object, java.lang.Object)'> (0x00000000868ef860) 
thrown [s\src\hotspot\share\interpreter\linkResolver.cpp, line 759]
Event: 2.507 Thread 0x0000028cb7954400 Exception <a 'java/lang/NoSuchMethodError'{0x0000000086526e90}: 'long java.lang.invoke.DirectMethodHandle$Holder.invokeVirtual(java.lang.Object, java.lang.Object)'> (0x0000000086526e90) 
thrown [s\src\hotspot\share\interpreter\linkResolver.cpp, line 759]
Event: 2.610 Thread 0x0000028cb7954400 Exception <a 'java/lang/NoSuchMethodError'{0x0000000085da0a80}: 'java.lang.Object java.lang.invoke.Invokers$Holder.invoke_MT(java.lang.Object, java.lang.Object, java.lang.Object)'> (0x0000000085da0a80) 
thrown [s\src\hotspot\share\interpreter\linkResolver.cpp, line 759]
Event: 2.660 Thread 0x0000028d0f35b0c0 Exception <a 'java/lang/reflect/InvocationTargetException'{0x000000008b3093b8}> (0x000000008b3093b8) 
thrown [s\src\hotspot\share\runtime\reflection.cpp, line 1128]
Event: 2.978 Thread 0x0000028cb7954400 Exception <a 'java/lang/NoSuchMethodError'{0x00000000862cde80}: 'int java.lang.invoke.DirectMethodHandle$Holder.invokeStatic(java.lang.Object)'> (0x00000000862cde80) 
thrown [s\src\hotspot\share\interpreter\linkResolver.cpp, line 759]
Event: 3.012 Thread 0x0000028cb7954400 Exception <a 'java/lang/NoSuchMethodError'{0x000000008b3d5a78}: 'int java.lang.invoke.DirectMethodHandle$Holder.invokeStaticInit(java.lang.Object, java.lang.Object, java.lang.Object, java.lang.Object)'> (0x000000008b3d5a78) 
thrown [s\src\hotspot\share\interpreter\linkResolver.cpp, line 759]
Event: 3.082 Thread 0x0000028cb7954400 Exception <a 'sun/nio/fs/WindowsException'{0x000000008a659708}> (0x000000008a659708) 
thrown [s\src\hotspot\share\prims\jni.cpp, line 516]
Event: 3.102 Thread 0x0000028cb7954400 Exception <a 'java/lang/NoSuchMethodError'{0x000000008a525ea0}: 'int java.lang.invoke.DirectMethodHandle$Holder.invokeInterface(java.lang.Object, java.lang.Object, int)'> (0x000000008a525ea0) 
thrown [s\src\hotspot\share\interpreter\linkResolver.cpp, line 759]
Event: 3.102 Thread 0x0000028cb7954400 Exception <a 'java/lang/IncompatibleClassChangeError'{0x000000008a529728}: Found class java.lang.Object, but interface was expected> (0x000000008a529728) 
thrown [s\src\hotspot\share\interpreter\linkResolver.cpp, line 826]
Event: 3.169 Thread 0x0000028d0f35b0c0 Exception <a 'java/lang/reflect/InvocationTargetException'{0x00000000874a0478}> (0x00000000874a0478) 
thrown [s\src\hotspot\share\runtime\reflection.cpp, line 1128]
Event: 3.268 Thread 0x0000028cb7954400 Exception <a 'java/lang/NoSuchMethodError'{0x0000000086f2b1a0}: 'java.lang.Object java.lang.invoke.DirectMethodHandle$Holder.invokeStaticInit(java.lang.Object, java.lang.Object, java.lang.Object, java.lang.Object)'> (0x0000000086f2b1a0) 
thrown [s\src\hotspot\share\interpreter\linkResolver.cpp, line 759]
Event: 3.274 Thread 0x0000028cb7954400 Exception <a 'java/lang/NoSuchMethodError'{0x0000000086fe9ed0}: 'java.lang.Object java.lang.invoke.DirectMethodHandle$Holder.invokeSpecial(java.lang.Object, java.lang.Object, long, java.lang.Object, java.lang.Object, java.lang.Object, java.lang.Object, java.lang.Object, java.lang.Object, java.lang.Object)'> (0x0000000086fe9ed0) 
thrown [s\src\hotspot\share\interpreter\linkResolver.cpp, line 759]
Event: 3.274 Thread 0x0000028cb7954400 Exception <a 'java/lang/NoSuchMethodError'{0x0000000086fee9e0}: 'java.lang.Object java.lang.invoke.DelegatingMethodHandle$Holder.reinvoke_L(java.lang.Object, long, java.lang.Object, java.lang.Object, java.lang.Object, java.lang.Object, java.lang.Object, java.lang.Object, java.lang.Object)'> (0x0000000086fee9e0) 
thrown [s\src\hotspot\share\interpreter\linkResolver.cpp, line 759]
Event: 3.274 Thread 0x0000028cb7954400 Exception <a 'java/lang/NoSuchMethodError'{0x0000000086e06728}: 'java.lang.Object java.lang.invoke.DirectMethodHandle$Holder.invokeSpecial(java.lang.Object, java.lang.Object, java.lang.Object, java.lang.Object, java.lang.Object, java.lang.Object, java.lang.Object, java.lang.Object, java.lang.Object)'> (0x0000000086e06728) 
thrown [s\src\hotspot\share\interpreter\linkResolver.cpp, line 759]
Event: 3.274 Thread 0x0000028cb7954400 Exception <a 'java/lang/NoSuchMethodError'{0x0000000086e0b3b0}: 'java.lang.Object java.lang.invoke.Invokers$Holder.linkToTargetMethod(java.lang.Object, java.lang.Object, java.lang.Object, java.lang.Object, java.lang.Object, java.lang.Object, java.lang.Object, java.lang.Object)'> (0x0000000086e0b3b0) 
thrown [s\src\hotspot\share\interpreter\linkResolver.cpp, line 759]
Event: 3.421 Thread 0x0000028cb7954400 Exception <a 'java/lang/NoSuchMethodError'{0x00000000866f9c60}: 'int java.lang.invoke.DirectMethodHandle$Holder.invokeVirtual(java.lang.Object, java.lang.Object, java.lang.Object)'> (0x00000000866f9c60) 
thrown [s\src\hotspot\share\interpreter\linkResolver.cpp, line 759]

VM Operations (20 events):
Event: 2.486 Executing VM operation: HandshakeAllThreads done
Event: 2.512 Executing VM operation: HandshakeAllThreads
Event: 2.512 Executing VM operation: HandshakeAllThreads done
Event: 2.650 Executing VM operation: G1CollectForAllocation
Event: 2.655 Executing VM operation: G1CollectForAllocation done
Event: 2.676 Executing VM operation: HandshakeAllThreads
Event: 2.676 Executing VM operation: HandshakeAllThreads done
Event: 2.983 Executing VM operation: CollectForMetadataAllocation
Event: 2.987 Executing VM operation: CollectForMetadataAllocation done
Event: 3.000 Executing VM operation: G1PauseRemark
Event: 3.002 Executing VM operation: G1PauseRemark done
Event: 3.008 Executing VM operation: G1PauseCleanup
Event: 3.008 Executing VM operation: G1PauseCleanup done
Event: 3.084 Executing VM operation: HandshakeAllThreads
Event: 3.084 Executing VM operation: HandshakeAllThreads done
Event: 3.088 Executing VM operation: HandshakeAllThreads
Event: 3.088 Executing VM operation: HandshakeAllThreads done
Event: 3.101 Executing VM operation: HandshakeAllThreads
Event: 3.101 Executing VM operation: HandshakeAllThreads done
Event: 3.567 Executing VM operation: G1CollectForAllocation

Memory protections (0 events):
No events

Nmethod flushes (0 events):
No events

Events (20 events):
Event: 1.200 Thread 0x0000028cb7954400 Thread added: 0x0000028d0fd07940
Event: 1.283 Thread 0x0000028cc9cc81f0 Thread added: 0x0000028d0fd030a0
Event: 1.283 Thread 0x0000028cc9cc81f0 Thread added: 0x0000028d0fd035f0
Event: 1.510 Thread 0x0000028cb7954400 Thread added: 0x0000028d0fd0bb10
Event: 1.523 Thread 0x0000028d0fd07940 Thread exited: 0x0000028d0fd07940
Event: 1.531 Thread 0x0000028d0fd0bb10 Thread exited: 0x0000028d0fd0bb10
Event: 1.635 Thread 0x0000028d0f35b0c0 Thread added: 0x0000028d0fd09cb0
Event: 1.640 Thread 0x0000028d0fd09cb0 Thread exited: 0x0000028d0fd09cb0
Event: 2.143 Thread 0x0000028d0f35b0c0 Thread added: 0x0000028d0fd0cf50
Event: 2.149 Thread 0x0000028d0fd0cf50 Thread exited: 0x0000028d0fd0cf50
Event: 2.517 Thread 0x0000028cb7954400 Thread added: 0x0000028d0fd06500
Event: 2.517 Thread 0x0000028d0fd06500 Thread added: 0x0000028d0fd0bb10
Event: 2.521 Thread 0x0000028cb7954400 Thread added: 0x0000028d0fd0a6d0
Event: 2.657 Thread 0x0000028d0f35b0c0 Thread added: 0x0000028d0fd08d80
Event: 2.662 Thread 0x0000028d0fd08d80 Thread exited: 0x0000028d0fd08d80
Event: 3.154 Thread 0x0000028cb7954400 Thread added: 0x0000028d0fd0de80
Event: 3.166 Thread 0x0000028d0f35b0c0 Thread added: 0x0000028d0fd0d460
Event: 3.170 Thread 0x0000028cb7954400 Thread added: 0x0000028d0fd0c530
Event: 3.172 Thread 0x0000028d0fd0d460 Thread exited: 0x0000028d0fd0d460
Event: 3.284 Thread 0x0000028d0fd0c530 Thread added: 0x0000028d0fd08d80


Dynamic libraries:
0x00007ff656d90000 - 0x00007ff656d9e000 	C:\Users\user\.jdks\corretto-17.0.14\bin\java.exe
0x00007ffde5ef0000 - 0x00007ffde6104000 	C:\Windows\SYSTEM32\ntdll.dll
0x00007ffde59f0000 - 0x00007ffde5ab2000 	C:\Windows\System32\KERNEL32.DLL
0x00007ffde35b0000 - 0x00007ffde394c000 	C:\Windows\System32\KERNELBASE.dll
0x00007ffde3330000 - 0x00007ffde3441000 	C:\Windows\System32\ucrtbase.dll
0x00007ffde0290000 - 0x00007ffde02a7000 	C:\Users\user\.jdks\corretto-17.0.14\bin\jli.dll
0x00007ffdda4c0000 - 0x00007ffdda4db000 	C:\Users\user\.jdks\corretto-17.0.14\bin\VCRUNTIME140.dll
0x00007ffde4290000 - 0x00007ffde443b000 	C:\Windows\System32\USER32.dll
0x00007ffdcd550000 - 0x00007ffdcd7de000 	C:\Windows\WinSxS\amd64_microsoft.windows.common-controls_6595b64144ccf1df_6.0.22621.608_none_a9444ca7c10bb01d\COMCTL32.dll
0x00007ffde3a40000 - 0x00007ffde3a66000 	C:\Windows\System32\win32u.dll
0x00007ffde3d00000 - 0x00007ffde3da7000 	C:\Windows\System32\msvcrt.dll
0x00007ffde5e70000 - 0x00007ffde5e99000 	C:\Windows\System32\GDI32.dll
0x00007ffde3be0000 - 0x00007ffde3cf3000 	C:\Windows\System32\gdi32full.dll
0x00007ffde3510000 - 0x00007ffde35aa000 	C:\Windows\System32\msvcp_win.dll
0x00007ffde4250000 - 0x00007ffde4281000 	C:\Windows\System32\IMM32.DLL
0x00007ffddc480000 - 0x00007ffddc48c000 	C:\Users\user\.jdks\corretto-17.0.14\bin\vcruntime140_1.dll
0x00007ffdcbfd0000 - 0x00007ffdcc05d000 	C:\Users\user\.jdks\corretto-17.0.14\bin\msvcp140.dll
0x00007ffd8ea80000 - 0x00007ffd8f6ec000 	C:\Users\user\.jdks\corretto-17.0.14\bin\server\jvm.dll
0x00007ffde5ac0000 - 0x00007ffde5b6e000 	C:\Windows\System32\ADVAPI32.dll
0x00007ffde5440000 - 0x00007ffde54e4000 	C:\Windows\System32\sechost.dll
0x00007ffde4560000 - 0x00007ffde4677000 	C:\Windows\System32\RPCRT4.dll
0x00007ffde4a10000 - 0x00007ffde4a81000 	C:\Windows\System32\WS2_32.dll
0x00007ffdd7cb0000 - 0x00007ffdd7ce4000 	C:\Windows\SYSTEM32\WINMM.dll
0x00007ffde3050000 - 0x00007ffde309d000 	C:\Windows\SYSTEM32\POWRPROF.dll
0x00007ffddb390000 - 0x00007ffddb39a000 	C:\Windows\SYSTEM32\VERSION.dll
0x00007ffde3030000 - 0x00007ffde3043000 	C:\Windows\SYSTEM32\UMPDC.dll
0x00007ffde2340000 - 0x00007ffde2358000 	C:\Windows\SYSTEM32\kernel.appcore.dll
0x00007ffddaf40000 - 0x00007ffddaf4a000 	C:\Users\user\.jdks\corretto-17.0.14\bin\jimage.dll
0x00007ffde0a60000 - 0x00007ffde0c8e000 	C:\Windows\SYSTEM32\DBGHELP.DLL
0x00007ffde4680000 - 0x00007ffde4a09000 	C:\Windows\System32\combase.dll
0x00007ffde55a0000 - 0x00007ffde5677000 	C:\Windows\System32\OLEAUT32.dll
0x00007ffdc7eb0000 - 0x00007ffdc7ee2000 	C:\Windows\SYSTEM32\dbgcore.DLL
0x00007ffde3950000 - 0x00007ffde39cb000 	C:\Windows\System32\bcryptPrimitives.dll
0x00007ffdc26e0000 - 0x00007ffdc26ee000 	C:\Users\user\.jdks\corretto-17.0.14\bin\instrument.dll
0x00007ffdcf610000 - 0x00007ffdcf635000 	C:\Users\user\.jdks\corretto-17.0.14\bin\java.dll
0x00007ffdcbef0000 - 0x00007ffdcbfc7000 	C:\Users\user\.jdks\corretto-17.0.14\bin\jsvml.dll
0x00007ffde4a90000 - 0x00007ffde5280000 	C:\Windows\System32\SHELL32.dll
0x00007ffde12f0000 - 0x00007ffde1bbd000 	C:\Windows\SYSTEM32\windows.storage.dll
0x00007ffde11b0000 - 0x00007ffde12ee000 	C:\Windows\SYSTEM32\wintypes.dll
0x00007ffde57f0000 - 0x00007ffde58e1000 	C:\Windows\System32\SHCORE.dll
0x00007ffde5900000 - 0x00007ffde595e000 	C:\Windows\System32\shlwapi.dll
0x00007ffde3260000 - 0x00007ffde3281000 	C:\Windows\SYSTEM32\profapi.dll
0x00007ffdcf520000 - 0x00007ffdcf538000 	C:\Users\user\.jdks\corretto-17.0.14\bin\zip.dll
0x00007ffdcf500000 - 0x00007ffdcf519000 	C:\Users\user\.jdks\corretto-17.0.14\bin\net.dll
0x00007ffddc7c0000 - 0x00007ffddc8f7000 	C:\Windows\SYSTEM32\WINHTTP.dll
0x00007ffde27a0000 - 0x00007ffde2809000 	C:\Windows\system32\mswsock.dll
0x00007ffdcf260000 - 0x00007ffdcf276000 	C:\Users\user\.jdks\corretto-17.0.14\bin\nio.dll
0x00007ffdd9af0000 - 0x00007ffdd9af9000 	C:\Users\user\.jdks\corretto-17.0.14\bin\extnet.dll
0x00007ffde1e40000 - 0x00007ffde1f33000 	C:\Windows\SYSTEM32\DNSAPI.dll
0x00007ffde1e10000 - 0x00007ffde1e3d000 	C:\Windows\SYSTEM32\IPHLPAPI.DLL
0x00007ffde5290000 - 0x00007ffde5299000 	C:\Windows\System32\NSI.dll
0x000000006e600000 - 0x000000006e626000 	C:\Program Files\Bonjour\mdnsNSP.dll
0x00007ffdda140000 - 0x00007ffdda14a000 	C:\Windows\System32\rasadhlp.dll
0x00007ffdda430000 - 0x00007ffdda4b3000 	C:\Windows\System32\fwpuclnt.dll
0x00007ffdcf250000 - 0x00007ffdcf259000 	C:\Users\user\.jdks\corretto-17.0.14\bin\management.dll
0x00007ffdcf240000 - 0x00007ffdcf24b000 	C:\Users\user\.jdks\corretto-17.0.14\bin\management_ext.dll
0x00007ffde58f0000 - 0x00007ffde58f8000 	C:\Windows\System32\PSAPI.DLL
0x00007ffde2ac0000 - 0x00007ffde2adb000 	C:\Windows\SYSTEM32\CRYPTSP.dll
0x00007ffde22b0000 - 0x00007ffde22e5000 	C:\Windows\system32\rsaenh.dll
0x00007ffde2840000 - 0x00007ffde2868000 	C:\Windows\SYSTEM32\USERENV.dll
0x00007ffde2c10000 - 0x00007ffde2c38000 	C:\Windows\SYSTEM32\bcrypt.dll
0x00007ffde2aa0000 - 0x00007ffde2aac000 	C:\Windows\SYSTEM32\CRYPTBASE.dll
0x00007ffddc4a0000 - 0x00007ffddc4b9000 	C:\Windows\SYSTEM32\dhcpcsvc6.DLL
0x00007ffddbff0000 - 0x00007ffddc00f000 	C:\Windows\SYSTEM32\dhcpcsvc.DLL
0x00007ffddaf50000 - 0x00007ffddaf67000 	C:\Windows\system32\napinsp.dll
0x00007ffdd9d40000 - 0x00007ffdd9d5b000 	C:\Windows\system32\pnrpnsp.dll
0x00007ffdd2aa0000 - 0x00007ffdd2ab1000 	C:\Windows\System32\winrnr.dll
0x00007ffddb5b0000 - 0x00007ffddb5c5000 	C:\Windows\system32\wshbth.dll
0x00007ffdd27e0000 - 0x00007ffdd2801000 	C:\Windows\system32\nlansp_c.dll
0x00007ffdc7fd0000 - 0x00007ffdc8020000 	C:\Windows\SYSTEM32\pdh.dll
0x00007ffdbcb90000 - 0x00007ffdbcba1000 	C:\Windows\System32\perfproc.dll
0x00007ffdc2d40000 - 0x00007ffdc2d50000 	C:\Windows\System32\perfos.dll
0x00007ffde0680000 - 0x00007ffde0690000 	C:\Windows\SYSTEM32\pfclient.dll
0x00007ffdcf230000 - 0x00007ffdcf23e000 	C:\Users\user\.jdks\corretto-17.0.14\bin\sunmscapi.dll
0x00007ffde3a70000 - 0x00007ffde3bd6000 	C:\Windows\System32\CRYPT32.dll
0x00007ffde2be0000 - 0x00007ffde2c0e000 	C:\Windows\SYSTEM32\ncrypt.dll
0x00007ffde2ba0000 - 0x00007ffde2bd7000 	C:\Windows\SYSTEM32\NTASN1.dll
0x00007ffdcbee0000 - 0x00007ffdcbef0000 	C:\Users\user\.jdks\corretto-17.0.14\bin\verify.dll

dbghelp: loaded successfully - version: 4.0.5 - missing functions: none
symbol engine: initialized successfully - sym options: 0x614 - pdb path: .;C:\Users\user\.jdks\corretto-17.0.14\bin;C:\Windows\SYSTEM32;C:\Windows\WinSxS\amd64_microsoft.windows.common-controls_6595b64144ccf1df_6.0.22621.608_none_a9444ca7c10bb01d;C:\Users\user\.jdks\corretto-17.0.14\bin\server;C:\Program Files\Bonjour

VM Arguments:
jvm_args: -XX:TieredStopAtLevel=1 -Dspring.output.ansi.enabled=always -Dcom.sun.management.jmxremote -Dspring.jmx.enabled=true -Dspring.liveBeansView.mbeanDomain -Dspring.application.admin.enabled=true -Dmanagement.endpoints.jmx.exposure.include=* -javaagent:C:\Program Files\JetBrains\IntelliJ IDEA 2024.3.5\lib\idea_rt.jar=63356 -Dfile.encoding=UTF-8 
java_command: uz.zafar.logisticsapplication.LogisticsApplication
java_class_path (initial): C:\Users\user\Desktop\java projects\logisticsApplication\target\classes;C:\Users\user\.m2\repository\org\springframework\boot\spring-boot-starter-data-jpa\3.4.4\spring-boot-starter-data-jpa-3.4.4.jar;C:\Users\user\.m2\repository\org\springframework\boot\spring-boot-starter\3.4.4\spring-boot-starter-3.4.4.jar;C:\Users\user\.m2\repository\org\springframework\boot\spring-boot\3.4.4\spring-boot-3.4.4.jar;C:\Users\user\.m2\repository\org\springframework\boot\spring-boot-autoconfigure\3.4.4\spring-boot-autoconfigure-3.4.4.jar;C:\Users\user\.m2\repository\org\springframework\boot\spring-boot-starter-logging\3.4.4\spring-boot-starter-logging-3.4.4.jar;C:\Users\user\.m2\repository\ch\qos\logback\logback-classic\1.5.18\logback-classic-1.5.18.jar;C:\Users\user\.m2\repository\ch\qos\logback\logback-core\1.5.18\logback-core-1.5.18.jar;C:\Users\user\.m2\repository\org\apache\logging\log4j\log4j-to-slf4j\2.24.3\log4j-to-slf4j-2.24.3.jar;C:\Users\user\.m2\repository\org\apache\logging\log4j\log4j-api\2.24.3\log4j-api-2.24.3.jar;C:\Users\user\.m2\repository\org\slf4j\jul-to-slf4j\2.0.17\jul-to-slf4j-2.0.17.jar;C:\Users\user\.m2\repository\jakarta\annotation\jakarta.annotation-api\2.1.1\jakarta.annotation-api-2.1.1.jar;C:\Users\user\.m2\repository\org\yaml\snakeyaml\2.3\snakeyaml-2.3.jar;C:\Users\user\.m2\repository\org\springframework\boot\spring-boot-starter-jdbc\3.4.4\spring-boot-starter-jdbc-3.4.4.jar;C:\Users\user\.m2\repository\com\zaxxer\HikariCP\5.1.0\HikariCP-5.1.0.jar;C:\Users\user\.m2\repository\org\springframework\spring-jdbc\6.2.5\spring-jdbc-6.2.5.jar;C:\Users\user\.m2\repository\org\hibernate\orm\hibernate-core\6.6.11.Final\hibernate-core-6.6.11.Final.jar;C:\Users\user\.m2\repository\jakarta\persistence\jakarta.persistence-api\3.1.0\jakarta.persistence-api-3.1.0.jar;C:\Users\user\.m2\repository\jakarta\transaction\jakarta.transaction-api\2.0.1\jakarta.transaction-api-2.0.1.jar;C:\Users\user\.m2\repository\org\jboss\logging\jboss-logging\3.6
Launcher Type: SUN_STANDARD

[Global flags]
     intx CICompilerCount                          = 4                                         {product} {ergonomic}
     uint ConcGCThreads                            = 2                                         {product} {ergonomic}
     uint G1ConcRefinementThreads                  = 8                                         {product} {ergonomic}
   size_t G1HeapRegionSize                         = 1048576                                   {product} {ergonomic}
    uintx GCDrainStackTargetSize                   = 64                                        {product} {ergonomic}
   size_t InitialHeapSize                          = 132120576                                 {product} {ergonomic}
     bool ManagementServer                         = true                                      {product} {command line}
   size_t MarkStackSize                            = 4194304                                   {product} {ergonomic}
   size_t MaxHeapSize                              = 2090860544                                {product} {ergonomic}
   size_t MaxNewSize                               = 1254096896                                {product} {ergonomic}
   size_t MinHeapDeltaBytes                        = 1048576                                   {product} {ergonomic}
   size_t MinHeapSize                              = 8388608                                   {product} {ergonomic}
    uintx NonProfiledCodeHeapSize                  = 0                                      {pd product} {ergonomic}
     bool ProfileInterpreter                       = false                                  {pd product} {command line}
    uintx ProfiledCodeHeapSize                     = 0                                      {pd product} {ergonomic}
   size_t SoftMaxHeapSize                          = 2090860544                             {manageable} {ergonomic}
     intx TieredStopAtLevel                        = 1                                         {product} {command line}
     bool UseCompressedClassPointers               = true                           {product lp64_product} {ergonomic}
     bool UseCompressedOops                        = true                           {product lp64_product} {ergonomic}
     bool UseG1GC                                  = true                                      {product} {ergonomic}
     bool UseLargePagesIndividualAllocation        = false                                  {pd product} {ergonomic}

Logging:
Log output configuration:
 #0: stdout all=warning uptime,level,tags
 #1: stderr all=off uptime,level,tags

Environment Variables:
PATH=C:\Program Files (x86)\Common Files\Intel\Shared Libraries\redist\intel64\compiler;C:\Program Files (x86)\Common Files\Oracle\Java\javapath;C:\Windows\system32;C:\Windows;C:\Windows\System32\Wbem;C:\Windows\System32\WindowsPowerShell\v1.0\;C:\Windows\System32\OpenSSH\;C:\Users\user\AppData\Local\Microsoft\WindowsApps;;C:\Users\user\AppData\Local\Programs\Microsoft VS Code\bin;C:\Program Files\JetBrains\IntelliJ IDEA Community Edition 2023.3.2\bin;;C:\Program Files\JetBrains\IntelliJ IDEA 2024.3.5\bin;
USERNAME=user
OS=Windows_NT
PROCESSOR_IDENTIFIER=Intel64 Family 6 Model 140 Stepping 2, GenuineIntel
TMP=C:\Users\user\AppData\Local\Temp
TEMP=C:\Users\user\AppData\Local\Temp



Periodic native trim disabled


---------------  S Y S T E M  ---------------

OS:
 Windows 11 , 64 bit Build 22621 (10.0.22621.1485)
OS uptime: 0 days 5:33 hours
Hyper-V role detected

CPU: total 8 (initial active 8) (4 cores per cpu, 2 threads per core) family 6 model 140 stepping 2 microcode 0x26, cx8, cmov, fxsr, ht, mmx, 3dnowpref, sse, sse2, sse3, ssse3, sse4.1, sse4.2, popcnt, lzcnt, tsc, tscinvbit, avx, avx2, aes, erms, clmul, bmi1, bmi2, adx, avx512f, avx512dq, avx512cd, avx512bw, avx512vl, sha, fma, vzeroupper, avx512_vpopcntdq, avx512_vpclmulqdq, avx512_vaes, avx512_vnni, clflush, clflushopt, clwb, avx512_vbmi2, avx512_vbmi, hv
Processor Information for processor 0
  Max Mhz: 2496, Current Mhz: 1198, Mhz Limit: 2496
Processor Information for processor 1
  Max Mhz: 2496, Current Mhz: 2496, Mhz Limit: 2496
Processor Information for processor 2
  Max Mhz: 2496, Current Mhz: 1198, Mhz Limit: 2496
Processor Information for processor 3
  Max Mhz: 2496, Current Mhz: 2496, Mhz Limit: 2496
Processor Information for processor 4
  Max Mhz: 2496, Current Mhz: 2496, Mhz Limit: 2496
Processor Information for processor 5
  Max Mhz: 2496, Current Mhz: 2496, Mhz Limit: 2496
Processor Information for processor 6
  Max Mhz: 2496, Current Mhz: 2496, Mhz Limit: 2496
Processor Information for processor 7
  Max Mhz: 2496, Current Mhz: 2496, Mhz Limit: 2496

Memory: 4k page, system-wide physical 7975M (457M free)
TotalPageFile size 12071M (AvailPageFile size 49M)
current process WorkingSet (physical memory assigned to process): 187M, peak: 187M
current process commit charge ("private bytes"): 228M, peak: 274M

vm_info: OpenJDK 64-Bit Server VM (17.0.14+7-LTS) for windows-amd64 JRE (17.0.14+7-LTS), built on Jan  7 2025 20:14:24 by "Administrator" with MS VC++ 16.10 / 16.11 (VS2019)

END.
